Функция file_logged_func успешно завершена. Результат: 2
Функция file_logged_func успешно завершена. Результат: 12
